[  5%] Building CXX object external/isa_spec_manager/source/isa_decoder/CMakeFiles/isa_decoder_dynamic.dir/isa_decoder.cpp.o
[  5%] Building C object external/rdf/imported/zstd/CMakeFiles/zstd.dir/src/zstd.c.o
[  5%] Building CXX object external/isa_spec_manager/source/isa_decoder/CMakeFiles/isa_decoder_dynamic.dir/__/common/amdisa_utility.cpp.o
[  5%] Building CXX object external/isa_spec_manager/source/isa_decoder/CMakeFiles/isa_decoder.dir/isa_decoder.cpp.o
[  5%] Building CXX object external/isa_spec_manager/source/isa_explorer/CMakeFiles/isa_explorer.dir/isa_explorer.cpp.o
[  5%] Building CXX object ComgrUtils/CMakeFiles/ComgrUtils.dir/source/comgr_utils.cpp.o
[  5%] Building CXX object external/isa_spec_manager/source/isa_explorer/CMakeFiles/isa_explorer_dynamic.dir/isa_explorer.cpp.o
[  5%] Building CXX object external/isa_spec_manager/source/isa_decoder/CMakeFiles/isa_decoder.dir/__/common/amdisa_utility.cpp.o
[  6%] Building CXX object external/isa_spec_manager/source/isa_decoder/CMakeFiles/isa_decoder_dynamic.dir/__/common/amdisa_structures.cpp.o
[  7%] Building CXX object external/isa_spec_manager/source/isa_explorer/CMakeFiles/isa_explorer.dir/__/common/amdisa_utility.cpp.o
[ 10%] Building CXX object external/isa_spec_manager/source/isa_explorer/CMakeFiles/isa_explorer.dir/__/common/amdisa_structures.cpp.o
[ 10%] Building CXX object external/isa_spec_manager/source/isa_decoder/CMakeFiles/isa_decoder_dynamic.dir/__/common/isa_xml_reader.cpp.o
[ 10%] Building CXX object external/isa_spec_manager/source/isa_explorer/CMakeFiles/isa_explorer_dynamic.dir/__/common/amdisa_utility.cpp.o
[ 12%] Linking CXX static library libComgrUtils.a
[ 12%] Building CXX object external/isa_spec_manager/source/isa_decoder/CMakeFiles/isa_decoder.dir/__/common/amdisa_structures.cpp.o
[ 12%] Built target ComgrUtils
[ 13%] Building CXX object external/isa_spec_manager/source/isa_explorer/CMakeFiles/isa_explorer.dir/__/common/isa_xml_reader.cpp.o
[ 14%] Building CXX object external/isa_spec_manager/source/isa_explorer/CMakeFiles/isa_explorer_dynamic.dir/__/common/amdisa_structures.cpp.o
[ 15%] Building CXX object external/isa_spec_manager/source/isa_explorer/CMakeFiles/isa_explorer_dynamic.dir/__/common/isa_xml_reader.cpp.o
[ 16%] Building CXX object external/isa_spec_manager/source/isa_explorer/CMakeFiles/isa_explorer_dynamic.dir/__/third_party/tinyxml2/tinyxml2.cpp.o
[ 17%] Building CXX object external/isa_spec_manager/source/isa_decoder/CMakeFiles/isa_decoder_dynamic.dir/__/third_party/tinyxml2/tinyxml2.cpp.o
[ 18%] Building CXX object external/isa_spec_manager/source/isa_decoder/CMakeFiles/isa_decoder.dir/__/common/isa_xml_reader.cpp.o
[ 19%] Building CXX object external/isa_spec_manager/source/isa_explorer/CMakeFiles/isa_explorer.dir/__/third_party/tinyxml2/tinyxml2.cpp.o
[ 20%] Building CXX object external/isa_spec_manager/source/isa_decoder/CMakeFiles/isa_decoder.dir/__/third_party/tinyxml2/tinyxml2.cpp.o
[ 21%] Linking CXX static library ../../../../output/libisa_explorer.a
[ 22%] Linking CXX shared library ../../../../output/libisa_decoder_dynamic.so
[ 22%] Built target isa_explorer
[ 22%] Built target isa_decoder_dynamic
[ 23%] Linking CXX shared library ../../../../output/libisa_explorer_dynamic.so
[ 23%] Built target isa_explorer_dynamic
[ 24%] Linking CXX static library ../../../../output/libisa_decoder.a
[ 24%] Built target isa_decoder
[ 25%] Linking C static library libzstd.a
[ 25%] Built target zstd
[ 26%] Building CXX object external/rdf/rdf/CMakeFiles/amdrdf.dir/src/amdrdf.cpp.o
[ 27%] Linking CXX static library libamdrdf.a
[ 27%] Built target amdrdf
[ 32%] Building CXX object external/system_info_utils/source/CMakeFiles/system_info.dir/driver_overrides_reader.cpp.o
[ 31%] Building CXX object parser/CMakeFiles/RmvParser.dir/rmt_file_format.cpp.o
[ 31%] Building CXX object parser/CMakeFiles/RmvParser.dir/rmt_parser.cpp.o
[ 31%] Building CXX object external/system_info_utils/source/CMakeFiles/system_info.dir/system_info_reader.cpp.o
[ 33%] Building CXX object parser/CMakeFiles/RmvParser.dir/rmt_assert.cpp.o
[ 33%] Building CXX object parser/CMakeFiles/RmvParser.dir/rmt_address_helper.cpp.o
[ 34%] Building CXX object parser/CMakeFiles/RmvParser.dir/rmt_print.cpp.o
[ 35%] Building CXX object parser/CMakeFiles/RmvParser.dir/rmt_platform.cpp.o
[ 35%] Building CXX object parser/CMakeFiles/RmvParser.dir/rmt_rdf_data_stream.cpp.o
[ 37%] Building CXX object parser/CMakeFiles/RmvParser.dir/rmt_rdf_gpu_mem_segment_info.cpp.o
[ 37%] Building CXX object parser/CMakeFiles/RmvParser.dir/rmt_rdf_dd_event_info.cpp.o
[ 38%] Building CXX object parser/CMakeFiles/RmvParser.dir/rmt_rdf_snapshot_index.cpp.o
[ 39%] Building CXX object parser/CMakeFiles/RmvParser.dir/rmt_rdf_snapshot_info.cpp.o
[ 40%] Building CXX object parser/CMakeFiles/RmvParser.dir/rmt_string_memory_pool.cpp.o
[ 41%] Building CXX object parser/CMakeFiles/RmvParser.dir/rmt_token.cpp.o
[ 42%] Building CXX object parser/CMakeFiles/RmvParser.dir/rmt_token_heap.cpp.o
[ 43%] Building CXX object parser/CMakeFiles/RmvParser.dir/linux/safe_crt.cpp.o
[ 44%] Linking CXX static library libRmvParser.a
[ 44%] Built target RmvParser
[ 45%] Linking CXX static library libsystem_info.a
[ 45%] Built target system_info
[ 47%] Building CXX object backend/CMakeFiles/RmvBackend.dir/rmt_adapter_info.cpp.o
[ 47%] Building CXX object backend/CMakeFiles/RmvBackend.dir/rmt_data_set.cpp.o
[ 49%] Building CXX object backend/CMakeFiles/RmvBackend.dir/rmt_data_snapshot.cpp.o
[ 49%] Building CXX object backend/CMakeFiles/RmvBackend.dir/rmt_data_timeline.cpp.o
[ 51%] Building CXX object source/radeon_gpu_detective_backend/CMakeFiles/rgd_backend.dir/rgd_asic_info.cpp.o
[ 51%] Building CXX object backend/CMakeFiles/RmvBackend.dir/rmt_atomic.cpp.o
[ 52%] Building CXX object source/radeon_gpu_detective_backend/CMakeFiles/rgd_backend.dir/rgd_amd_gpu_dis_loader.cpp.o
[ 53%] Building CXX object backend/CMakeFiles/RmvBackend.dir/rmt_job_system.cpp.o
[ 54%] Building CXX object source/radeon_gpu_detective_backend/CMakeFiles/rgd_backend.dir/rgd_code_object_database.cpp.o
[ 55%] Building CXX object backend/CMakeFiles/RmvBackend.dir/rmt_linear_buffer.cpp.o
[ 56%] Building CXX object backend/CMakeFiles/RmvBackend.dir/rmt_legacy_snapshot_writer.cpp.o
[ 57%] Building CXX object source/radeon_gpu_detective_backend/CMakeFiles/rgd_backend.dir/rgd_crash_info_registers_parser_context.cpp.o
[ 58%] Building CXX object source/radeon_gpu_detective_backend/CMakeFiles/rgd_backend.dir/rgd_crash_info_registers_parser_rdna2.cpp.o
[ 59%] Building CXX object source/radeon_gpu_detective_backend/CMakeFiles/rgd_backend.dir/rgd_crash_info_registers_parser_rdna3.cpp.o
[ 60%] Building CXX object backend/CMakeFiles/RmvBackend.dir/rmt_memory_aliasing_timeline.cpp.o
[ 61%] Building CXX object backend/CMakeFiles/RmvBackend.dir/rmt_memory_event_history.cpp.o
[ 62%] Building CXX object source/radeon_gpu_detective_backend/CMakeFiles/rgd_backend.dir/rgd_crash_info_registers_parser_rdna4.cpp.o
[ 63%] Building CXX object source/radeon_gpu_detective_backend/CMakeFiles/rgd_backend.dir/rgd_crash_info_registers_parser_strix1.cpp.o
/tmp/rgd_fix_20260905142246/source/radeon_gpu_detective_backend/rgd_code_object_database.cpp: In function ‘bool RgdCodeObjDbInitializeComgrHandles(RgdCodeObjectDatabase*)’:
/tmp/rgd_fix_20260905142246/source/radeon_gpu_detective_backend/rgd_code_object_database.cpp:45:24: warning: attribute ignored [-Wattributes]
   45 |             const bool [[maybe_unused]] is_contains_pal_metadata =
      |                        ^
/tmp/rgd_fix_20260905142246/source/radeon_gpu_detective_backend/rgd_code_object_database.cpp:45:24: note: an attribute that appertains to a type-specifier is ignored
[ 63%] Building CXX object backend/CMakeFiles/RmvBackend.dir/rmt_memory_event_history_impl.cpp.o
[ 64%] Building CXX object backend/CMakeFiles/RmvBackend.dir/rmt_mutex.cpp.o
/tmp/rgd_fix_20260905142246/external/rmv/source/backend/rmt_mutex.cpp: In function ‘RmtErrorCode RmtMutexCreate(RmtMutex*, const char*)’:
/tmp/rgd_fix_20260905142246/external/rmv/source/backend/rmt_mutex.cpp:49:64: error: no matching function for call to ‘operator new(sizetype, std::mutex*)’
   49 |     mutex_internal->mutex = new (&mutex_internal->buffer) std::mutex;
      |                                                                ^~~~~
/tmp/rgd_fix_20260905142246/external/rmv/source/backend/rmt_mutex.cpp:49:64: note: there are 2 candidates
<built-in>: note: candidate 1: ‘void* operator new(long unsigned int)’
<built-in>: note: candidate expects 1 argument, 2 provided
<built-in>: note: candidate 2: ‘void* operator new(long unsigned int, std::align_val_t)’
<built-in>: note: no known conversion for argument 2 from ‘std::mutex*’ to ‘std::align_val_t’
make[2]: *** [backend/CMakeFiles/RmvBackend.dir/build.make:233: backend/CMakeFiles/RmvBackend.dir/rmt_mutex.cpp.o] Error 1
make[2]: *** Waiting for unfinished jobs....
[ 65%] Building CXX object source/radeon_gpu_detective_backend/CMakeFiles/rgd_backend.dir/rgd_dxbc_parser.cpp.o
[ 66%] Building CXX object source/radeon_gpu_detective_backend/CMakeFiles/rgd_backend.dir/rgd_enhanced_crash_info_serializer.cpp.o
[ 66%] Building CXX object source/radeon_gpu_detective_backend/CMakeFiles/rgd_backend.dir/rgd_exec_marker_tree_serializer.cpp.o
[ 67%] Building CXX object source/radeon_gpu_detective_backend/CMakeFiles/rgd_backend.dir/rgd_marker_data_serializer.cpp.o
make[1]: *** [CMakeFiles/Makefile2:550: backend/CMakeFiles/RmvBackend.dir/all] Error 2
make[1]: *** Waiting for unfinished jobs....
[ 68%] Building CXX object source/radeon_gpu_detective_backend/CMakeFiles/rgd_backend.dir/rgd_parsing_utils.cpp.o
[ 69%] Building CXX object source/radeon_gpu_detective_backend/CMakeFiles/rgd_backend.dir/rgd_process_utils.cpp.o
[ 70%] Building CXX object source/radeon_gpu_detective_backend/CMakeFiles/rgd_backend.dir/rgd_register_parsing_utils.cpp.o
[ 71%] Building CXX object source/radeon_gpu_detective_backend/CMakeFiles/rgd_backend.dir/rgd_resource_info_serializer.cpp.o
[ 72%] Building CXX object source/radeon_gpu_detective_backend/CMakeFiles/rgd_backend.dir/rgd_serializer.cpp.o
In file included from /tmp/rgd_fix_20260905142246/source/radeon_gpu_detective_backend/rgd_serializer.cpp:11:
/tmp/rgd_fix_20260905142246/source/radeon_gpu_detective_backend/rgd_version_info.h:25:30: warning: invalid suffix on literal; C++11 requires a space between literal and string macro [-Wliteral-suffix]
   25 | #define RGD_COPYRIGHT_STRING "Copyright (C) "RGD_BUILD_YEAR" Advanced Micro Devices, Inc. All rights reserved."
      |                              ^
[ 73%] Building CXX object source/radeon_gpu_detective_backend/CMakeFiles/rgd_backend.dir/rgd_serializer_json.cpp.o
[ 74%] Building CXX object source/radeon_gpu_detective_backend/CMakeFiles/rgd_backend.dir/rgd_srd_disassembler.cpp.o
In file included from /tmp/rgd_fix_20260905142246/source/radeon_gpu_detective_backend/rgd_serializer_json.cpp:12:
/tmp/rgd_fix_20260905142246/source/radeon_gpu_detective_backend/rgd_version_info.h:25:30: warning: invalid suffix on literal; C++11 requires a space between literal and string macro [-Wliteral-suffix]
   25 | #define RGD_COPYRIGHT_STRING "Copyright (C) "RGD_BUILD_YEAR" Advanced Micro Devices, Inc. All rights reserved."
      |                              ^
[ 75%] Building CXX object source/radeon_gpu_detective_backend/CMakeFiles/rgd_backend.dir/rgd_srd_disassembler_factory.cpp.o
[ 76%] Building CXX object source/radeon_gpu_detective_backend/CMakeFiles/rgd_backend.dir/rgd_srd_disassembler_rdna3.cpp.o
[ 77%] Building CXX object source/radeon_gpu_detective_backend/CMakeFiles/rgd_backend.dir/rgd_srd_disassembler_rdna4.cpp.o
[ 77%] Building CXX object source/radeon_gpu_detective_backend/CMakeFiles/rgd_backend.dir/rgd_srd_instruction_analyzer.cpp.o
[ 78%] Building CXX object source/radeon_gpu_detective_backend/CMakeFiles/rgd_backend.dir/rgd_utils.cpp.o
[ 79%] Building C object source/radeon_gpu_detective_backend/CMakeFiles/rgd_backend.dir/__/__/external/third_party/miniz/miniz.c.o
/tmp/rgd_fix_20260905142246/external/third_party/miniz/miniz.c:3185:9: note: ‘#pragma message: Using fopen, ftello, fseeko, stat() etc. path for file I/O - this path may not support large files.’
 3185 | #pragma message("Using fopen, ftello, fseeko, stat() etc. path for file I/O - this path may not support large files.")
      |         ^~~~~~~
[ 80%] Linking CXX static library librgd_backend.a
[ 80%] Built target rgd_backend
make: *** [Makefile:156: all] Error 2
