CMake Deprecation Warning at CMakeLists.txt:26 (cmake_minimum_required):
  Compatibility with CMake < 3.10 will be removed from a future version of
  CMake.

  Update the VERSION argument <min> value.  Or, use the <min>...<max> syntax
  to tell CMake that the project requires at least <min> but has been updated
  to work with policies introduced by <max> or earlier.


-- The C compiler identification is GNU 15.3.1
-- The CXX compiler identification is GNU 15.3.1
-- Detecting C compiler ABI info
-- Detecting C compiler ABI info - done
-- Check for working C compiler: /usr/bin/cc - skipped
-- Detecting C compile features
-- Detecting C compile features - done
-- Detecting CXX compiler ABI info
-- Detecting CXX compiler ABI info - done
-- Check for working CXX compiler: /usr/bin/c++ - skipped
-- Detecting CXX compile features
-- Detecting CXX compile features - done
-- Performing Test CMAKE_HAVE_LIBC_PTHREAD
-- Performing Test CMAKE_HAVE_LIBC_PTHREAD - Success
-- Found Threads: TRUE
-- rocblas found
-- rocblas Version: 4.4.1
-- rocblas: Version string 4004001 For Version Check
-- ROCBLAS REORG VERSION: 4004001
CMake Warning at CMakeLists.txt:87 (find_package):
  By not providing "Findhipblaslt.cmake" in CMAKE_MODULE_PATH this project
  has asked CMake to find a package configuration file provided by
  "hipblaslt", but CMake did not find one.

  Could not find a package configuration file provided by "hipblaslt" with
  any of the following names:

    hipblasltConfig.cmake
    hipblaslt-config.cmake

  Add the installation prefix of "hipblaslt" to CMAKE_PREFIX_PATH or set
  "hipblaslt_DIR" to a directory containing one of the above files.  If
  "hipblaslt" provides a separate development package or SDK, be sure it has
  been installed.


CMake Error at CMakeLists.txt:93 (message):
  hipblaslt not found !!! Install hipblaslt to proceed ...


-- Configuring incomplete, errors occurred!
